Reading netlist file: "C:\Users\khanh\Downloads\1_neuron_gowin\impl\gwsynthesis\1_neuron_gowin.vg"
Parsing netlist file "C:\Users\khanh\Downloads\1_neuron_gowin\impl\gwsynthesis\1_neuron_gowin.vg" completed
Processing netlist completed
Reading constraint file: "C:\Users\khanh\Downloads\1_neuron_gowin\src\1_neuron_gowin.cst"
Physical Constraint parsed completed
Running placement......
[10%] Placement Phase 0 completed
[20%] Placement Phase 1 completed
[30%] Placement Phase 2 completed
[50%] Placement Phase 3 completed
Running routing......
[60%] Routing Phase 0 completed
[70%] Routing Phase 1 completed
[80%] Routing Phase 2 completed
[90%] Routing Phase 3 completed
Running timing analysis......
[95%] Timing analysis completed
Placement and routing completed
Bitstream generation in progress......
Bitstream generation completed
Running power analysis......
[100%] Power analysis completed
Generate file "C:\Users\khanh\Downloads\1_neuron_gowin\impl\pnr\1_neuron_gowin.power.html" completed
Generate file "C:\Users\khanh\Downloads\1_neuron_gowin\impl\pnr\1_neuron_gowin.pin.html" completed
Generate file "C:\Users\khanh\Downloads\1_neuron_gowin\impl\pnr\1_neuron_gowin.rpt.html" completed
Generate file "C:\Users\khanh\Downloads\1_neuron_gowin\impl\pnr\1_neuron_gowin.rpt.txt" completed
Generate file "C:\Users\khanh\Downloads\1_neuron_gowin\impl\pnr\1_neuron_gowin.tr.html" completed
Tue Apr 28 23:46:21 2026

