GowinSynthesis start
Running parser ...
Analyzing Verilog file 'C:\Users\ADMIN\Downloads\1_neuron_gowin_2\src\UART_RX.v'
Analyzing Verilog file 'C:\Users\ADMIN\Downloads\1_neuron_gowin_2\src\button_debouncer.v'
Analyzing Verilog file 'C:\Users\ADMIN\Downloads\1_neuron_gowin_2\src\mul16s_HF7.v.v'
Analyzing Verilog file 'C:\Users\ADMIN\Downloads\1_neuron_gowin_2\src\neuron_model.v'
Analyzing Verilog file 'C:\Users\ADMIN\Downloads\1_neuron_gowin_2\src\regfile.v'
Analyzing Verilog file 'C:\Users\ADMIN\Downloads\1_neuron_gowin_2\src\uart_top.v'
Analyzing Verilog file 'C:\Users\ADMIN\Downloads\1_neuron_gowin_2\src\uart_tx.v'
Compiling module 'uart_top'("C:\Users\ADMIN\Downloads\1_neuron_gowin_2\src\uart_top.v":1)
Compiling module 'button_debouncer'("C:\Users\ADMIN\Downloads\1_neuron_gowin_2\src\button_debouncer.v":1)
Compiling module 'regfile'("C:\Users\ADMIN\Downloads\1_neuron_gowin_2\src\regfile.v":1)
Compiling module 'neuron_model'("C:\Users\ADMIN\Downloads\1_neuron_gowin_2\src\neuron_model.v":1)
Compiling module 'mul16s_HF7'("C:\Users\ADMIN\Downloads\1_neuron_gowin_2\src\mul16s_HF7.v.v":1)
Compiling module 'PDKGENHAX1'("C:\Users\ADMIN\Downloads\1_neuron_gowin_2\src\mul16s_HF7.v.v":268)
Compiling module 'PDKGENFAX1'("C:\Users\ADMIN\Downloads\1_neuron_gowin_2\src\mul16s_HF7.v.v":273)
WARN  (EX3791) : Expression size 32 truncated to fit in target size 16("C:\Users\ADMIN\Downloads\1_neuron_gowin_2\src\neuron_model.v":97)
Compiling module 'UART_RX'("C:\Users\ADMIN\Downloads\1_neuron_gowin_2\src\UART_RX.v":1)
Compiling module 'uart_tx'("C:\Users\ADMIN\Downloads\1_neuron_gowin_2\src\uart_tx.v":1)
NOTE  (EX0101) : Current top module is "uart_top"
[5%] Running netlist conversion ...
Running device independent optimization ...
[10%] Optimizing Phase 0 completed
[15%] Optimizing Phase 1 completed
[25%] Optimizing Phase 2 completed
Running inference ...
[30%] Inferring Phase 0 completed
[40%] Inferring Phase 1 completed
[50%] Inferring Phase 2 completed
[55%] Inferring Phase 3 completed
Running technical mapping ...
[60%] Tech-Mapping Phase 0 completed
[65%] Tech-Mapping Phase 1 completed
[75%] Tech-Mapping Phase 2 completed
[80%] Tech-Mapping Phase 3 completed
[90%] Tech-Mapping Phase 4 completed
WARN  (NL0002) : The module "PDKGENHAX1" instantiated to "U5474" is swept in optimizing("C:\Users\ADMIN\Downloads\1_neuron_gowin_2\src\mul16s_HF7.v.v":24)
WARN  (NL0002) : The module "PDKGENHAX1" instantiated to "U5475" is swept in optimizing("C:\Users\ADMIN\Downloads\1_neuron_gowin_2\src\mul16s_HF7.v.v":25)
WARN  (NL0002) : The module "PDKGENHAX1" instantiated to "U5476" is swept in optimizing("C:\Users\ADMIN\Downloads\1_neuron_gowin_2\src\mul16s_HF7.v.v":26)
WARN  (NL0002) : The module "PDKGENHAX1" instantiated to "U5477" is swept in optimizing("C:\Users\ADMIN\Downloads\1_neuron_gowin_2\src\mul16s_HF7.v.v":27)
WARN  (NL0002) : The module "PDKGENHAX1" instantiated to "U5478" is swept in optimizing("C:\Users\ADMIN\Downloads\1_neuron_gowin_2\src\mul16s_HF7.v.v":28)
WARN  (NL0002) : The module "PDKGENHAX1" instantiated to "U5479" is swept in optimizing("C:\Users\ADMIN\Downloads\1_neuron_gowin_2\src\mul16s_HF7.v.v":29)
WARN  (NL0002) : The module "PDKGENHAX1" instantiated to "U5480" is swept in optimizing("C:\Users\ADMIN\Downloads\1_neuron_gowin_2\src\mul16s_HF7.v.v":30)
WARN  (NL0002) : The module "PDKGENHAX1" instantiated to "U5481" is swept in optimizing("C:\Users\ADMIN\Downloads\1_neuron_gowin_2\src\mul16s_HF7.v.v":31)
WARN  (NL0002) : The module "PDKGENHAX1" instantiated to "U5482" is swept in optimizing("C:\Users\ADMIN\Downloads\1_neuron_gowin_2\src\mul16s_HF7.v.v":32)
WARN  (NL0002) : The module "PDKGENHAX1" instantiated to "U5483" is swept in optimizing("C:\Users\ADMIN\Downloads\1_neuron_gowin_2\src\mul16s_HF7.v.v":33)
WARN  (NL0002) : The module "PDKGENHAX1" instantiated to "U5484" is swept in optimizing("C:\Users\ADMIN\Downloads\1_neuron_gowin_2\src\mul16s_HF7.v.v":34)
WARN  (NL0002) : The module "PDKGENHAX1" instantiated to "U5485" is swept in optimizing("C:\Users\ADMIN\Downloads\1_neuron_gowin_2\src\mul16s_HF7.v.v":35)
WARN  (NL0002) : The module "PDKGENHAX1" instantiated to "U5486" is swept in optimizing("C:\Users\ADMIN\Downloads\1_neuron_gowin_2\src\mul16s_HF7.v.v":36)
WARN  (NL0002) : The module "PDKGENHAX1" instantiated to "U5487" is swept in optimizing("C:\Users\ADMIN\Downloads\1_neuron_gowin_2\src\mul16s_HF7.v.v":37)
WARN  (NL0002) : The module "PDKGENHAX1" instantiated to "U5488" is swept in optimizing("C:\Users\ADMIN\Downloads\1_neuron_gowin_2\src\mul16s_HF7.v.v":38)
WARN  (NL0002) : The module "PDKGENFAX1" instantiated to "U5490" is swept in optimizing("C:\Users\ADMIN\Downloads\1_neuron_gowin_2\src\mul16s_HF7.v.v":40)
WARN  (NL0002) : The module "PDKGENFAX1" instantiated to "U5491" is swept in optimizing("C:\Users\ADMIN\Downloads\1_neuron_gowin_2\src\mul16s_HF7.v.v":41)
WARN  (NL0002) : The module "PDKGENFAX1" instantiated to "U5492" is swept in optimizing("C:\Users\ADMIN\Downloads\1_neuron_gowin_2\src\mul16s_HF7.v.v":42)
WARN  (NL0002) : The module "PDKGENFAX1" instantiated to "U5493" is swept in optimizing("C:\Users\ADMIN\Downloads\1_neuron_gowin_2\src\mul16s_HF7.v.v":43)
WARN  (NL0002) : The module "PDKGENFAX1" instantiated to "U5494" is swept in optimizing("C:\Users\ADMIN\Downloads\1_neuron_gowin_2\src\mul16s_HF7.v.v":44)
WARN  (NL0002) : The module "PDKGENFAX1" instantiated to "U5495" is swept in optimizing("C:\Users\ADMIN\Downloads\1_neuron_gowin_2\src\mul16s_HF7.v.v":45)
WARN  (NL0002) : The module "PDKGENFAX1" instantiated to "U5496" is swept in optimizing("C:\Users\ADMIN\Downloads\1_neuron_gowin_2\src\mul16s_HF7.v.v":46)
WARN  (NL0002) : The module "PDKGENFAX1" instantiated to "U5497" is swept in optimizing("C:\Users\ADMIN\Downloads\1_neuron_gowin_2\src\mul16s_HF7.v.v":47)
WARN  (NL0002) : The module "PDKGENFAX1" instantiated to "U5498" is swept in optimizing("C:\Users\ADMIN\Downloads\1_neuron_gowin_2\src\mul16s_HF7.v.v":48)
WARN  (NL0002) : The module "PDKGENFAX1" instantiated to "U5499" is swept in optimizing("C:\Users\ADMIN\Downloads\1_neuron_gowin_2\src\mul16s_HF7.v.v":49)
WARN  (NL0002) : The module "PDKGENFAX1" instantiated to "U5500" is swept in optimizing("C:\Users\ADMIN\Downloads\1_neuron_gowin_2\src\mul16s_HF7.v.v":50)
WARN  (NL0002) : The module "PDKGENFAX1" instantiated to "U5501" is swept in optimizing("C:\Users\ADMIN\Downloads\1_neuron_gowin_2\src\mul16s_HF7.v.v":51)
WARN  (NL0002) : The module "PDKGENFAX1" instantiated to "U5502" is swept in optimizing("C:\Users\ADMIN\Downloads\1_neuron_gowin_2\src\mul16s_HF7.v.v":52)
WARN  (NL0002) : The module "PDKGENFAX1" instantiated to "U5503" is swept in optimizing("C:\Users\ADMIN\Downloads\1_neuron_gowin_2\src\mul16s_HF7.v.v":53)
WARN  (NL0002) : The module "PDKGENHAX1" instantiated to "U5504" is swept in optimizing("C:\Users\ADMIN\Downloads\1_neuron_gowin_2\src\mul16s_HF7.v.v":54)
WARN  (NL0002) : The module "PDKGENFAX1" instantiated to "U5506" is swept in optimizing("C:\Users\ADMIN\Downloads\1_neuron_gowin_2\src\mul16s_HF7.v.v":56)
WARN  (NL0002) : The module "PDKGENFAX1" instantiated to "U5507" is swept in optimizing("C:\Users\ADMIN\Downloads\1_neuron_gowin_2\src\mul16s_HF7.v.v":57)
WARN  (NL0002) : The module "PDKGENFAX1" instantiated to "U5508" is swept in optimizing("C:\Users\ADMIN\Downloads\1_neuron_gowin_2\src\mul16s_HF7.v.v":58)
WARN  (NL0002) : The module "PDKGENFAX1" instantiated to "U5509" is swept in optimizing("C:\Users\ADMIN\Downloads\1_neuron_gowin_2\src\mul16s_HF7.v.v":59)
WARN  (NL0002) : The module "PDKGENFAX1" instantiated to "U5510" is swept in optimizing("C:\Users\ADMIN\Downloads\1_neuron_gowin_2\src\mul16s_HF7.v.v":60)
WARN  (NL0002) : The module "PDKGENFAX1" instantiated to "U5511" is swept in optimizing("C:\Users\ADMIN\Downloads\1_neuron_gowin_2\src\mul16s_HF7.v.v":61)
WARN  (NL0002) : The module "PDKGENFAX1" instantiated to "U5512" is swept in optimizing("C:\Users\ADMIN\Downloads\1_neuron_gowin_2\src\mul16s_HF7.v.v":62)
WARN  (NL0002) : The module "PDKGENFAX1" instantiated to "U5513" is swept in optimizing("C:\Users\ADMIN\Downloads\1_neuron_gowin_2\src\mul16s_HF7.v.v":63)
WARN  (NL0002) : The module "PDKGENFAX1" instantiated to "U5514" is swept in optimizing("C:\Users\ADMIN\Downloads\1_neuron_gowin_2\src\mul16s_HF7.v.v":64)
WARN  (NL0002) : The module "PDKGENFAX1" instantiated to "U5515" is swept in optimizing("C:\Users\ADMIN\Downloads\1_neuron_gowin_2\src\mul16s_HF7.v.v":65)
WARN  (NL0002) : The module "PDKGENFAX1" instantiated to "U5516" is swept in optimizing("C:\Users\ADMIN\Downloads\1_neuron_gowin_2\src\mul16s_HF7.v.v":66)
WARN  (NL0002) : The module "PDKGENFAX1" instantiated to "U5517" is swept in optimizing("C:\Users\ADMIN\Downloads\1_neuron_gowin_2\src\mul16s_HF7.v.v":67)
WARN  (NL0002) : The module "PDKGENFAX1" instantiated to "U5518" is swept in optimizing("C:\Users\ADMIN\Downloads\1_neuron_gowin_2\src\mul16s_HF7.v.v":68)
WARN  (NL0002) : The module "PDKGENFAX1" instantiated to "U5519" is swept in optimizing("C:\Users\ADMIN\Downloads\1_neuron_gowin_2\src\mul16s_HF7.v.v":69)
WARN  (NL0002) : The module "PDKGENHAX1" instantiated to "U5520" is swept in optimizing("C:\Users\ADMIN\Downloads\1_neuron_gowin_2\src\mul16s_HF7.v.v":70)
WARN  (NL0002) : The module "PDKGENFAX1" instantiated to "U5522" is swept in optimizing("C:\Users\ADMIN\Downloads\1_neuron_gowin_2\src\mul16s_HF7.v.v":72)
WARN  (NL0002) : The module "PDKGENFAX1" instantiated to "U5523" is swept in optimizing("C:\Users\ADMIN\Downloads\1_neuron_gowin_2\src\mul16s_HF7.v.v":73)
WARN  (NL0002) : The module "PDKGENFAX1" instantiated to "U5524" is swept in optimizing("C:\Users\ADMIN\Downloads\1_neuron_gowin_2\src\mul16s_HF7.v.v":74)
WARN  (NL0002) : The module "PDKGENFAX1" instantiated to "U5525" is swept in optimizing("C:\Users\ADMIN\Downloads\1_neuron_gowin_2\src\mul16s_HF7.v.v":75)
WARN  (NL0002) : The module "PDKGENFAX1" instantiated to "U5526" is swept in optimizing("C:\Users\ADMIN\Downloads\1_neuron_gowin_2\src\mul16s_HF7.v.v":76)
WARN  (NL0002) : The module "PDKGENFAX1" instantiated to "U5527" is swept in optimizing("C:\Users\ADMIN\Downloads\1_neuron_gowin_2\src\mul16s_HF7.v.v":77)
WARN  (NL0002) : The module "PDKGENFAX1" instantiated to "U5528" is swept in optimizing("C:\Users\ADMIN\Downloads\1_neuron_gowin_2\src\mul16s_HF7.v.v":78)
WARN  (NL0002) : The module "PDKGENFAX1" instantiated to "U5529" is swept in optimizing("C:\Users\ADMIN\Downloads\1_neuron_gowin_2\src\mul16s_HF7.v.v":79)
WARN  (NL0002) : The module "PDKGENFAX1" instantiated to "U5530" is swept in optimizing("C:\Users\ADMIN\Downloads\1_neuron_gowin_2\src\mul16s_HF7.v.v":80)
WARN  (NL0002) : The module "PDKGENFAX1" instantiated to "U5531" is swept in optimizing("C:\Users\ADMIN\Downloads\1_neuron_gowin_2\src\mul16s_HF7.v.v":81)
WARN  (NL0002) : The module "PDKGENFAX1" instantiated to "U5532" is swept in optimizing("C:\Users\ADMIN\Downloads\1_neuron_gowin_2\src\mul16s_HF7.v.v":82)
WARN  (NL0002) : The module "PDKGENFAX1" instantiated to "U5533" is swept in optimizing("C:\Users\ADMIN\Downloads\1_neuron_gowin_2\src\mul16s_HF7.v.v":83)
WARN  (NL0002) : The module "PDKGENFAX1" instantiated to "U5534" is swept in optimizing("C:\Users\ADMIN\Downloads\1_neuron_gowin_2\src\mul16s_HF7.v.v":84)
WARN  (NL0002) : The module "PDKGENFAX1" instantiated to "U5535" is swept in optimizing("C:\Users\ADMIN\Downloads\1_neuron_gowin_2\src\mul16s_HF7.v.v":85)
WARN  (NL0002) : The module "PDKGENHAX1" instantiated to "U5536" is swept in optimizing("C:\Users\ADMIN\Downloads\1_neuron_gowin_2\src\mul16s_HF7.v.v":86)
WARN  (NL0002) : The module "PDKGENFAX1" instantiated to "U5538" is swept in optimizing("C:\Users\ADMIN\Downloads\1_neuron_gowin_2\src\mul16s_HF7.v.v":88)
WARN  (NL0002) : The module "PDKGENFAX1" instantiated to "U5539" is swept in optimizing("C:\Users\ADMIN\Downloads\1_neuron_gowin_2\src\mul16s_HF7.v.v":89)
WARN  (NL0002) : The module "PDKGENFAX1" instantiated to "U5540" is swept in optimizing("C:\Users\ADMIN\Downloads\1_neuron_gowin_2\src\mul16s_HF7.v.v":90)
WARN  (NL0002) : The module "PDKGENFAX1" instantiated to "U5541" is swept in optimizing("C:\Users\ADMIN\Downloads\1_neuron_gowin_2\src\mul16s_HF7.v.v":91)
WARN  (NL0002) : The module "PDKGENFAX1" instantiated to "U5542" is swept in optimizing("C:\Users\ADMIN\Downloads\1_neuron_gowin_2\src\mul16s_HF7.v.v":92)
WARN  (NL0002) : The module "PDKGENFAX1" instantiated to "U5543" is swept in optimizing("C:\Users\ADMIN\Downloads\1_neuron_gowin_2\src\mul16s_HF7.v.v":93)
WARN  (NL0002) : The module "PDKGENFAX1" instantiated to "U5544" is swept in optimizing("C:\Users\ADMIN\Downloads\1_neuron_gowin_2\src\mul16s_HF7.v.v":94)
WARN  (NL0002) : The module "PDKGENFAX1" instantiated to "U5545" is swept in optimizing("C:\Users\ADMIN\Downloads\1_neuron_gowin_2\src\mul16s_HF7.v.v":95)
WARN  (NL0002) : The module "PDKGENFAX1" instantiated to "U5546" is swept in optimizing("C:\Users\ADMIN\Downloads\1_neuron_gowin_2\src\mul16s_HF7.v.v":96)
WARN  (NL0002) : The module "PDKGENFAX1" instantiated to "U5547" is swept in optimizing("C:\Users\ADMIN\Downloads\1_neuron_gowin_2\src\mul16s_HF7.v.v":97)
WARN  (NL0002) : The module "PDKGENFAX1" instantiated to "U5548" is swept in optimizing("C:\Users\ADMIN\Downloads\1_neuron_gowin_2\src\mul16s_HF7.v.v":98)
WARN  (NL0002) : The module "PDKGENFAX1" instantiated to "U5549" is swept in optimizing("C:\Users\ADMIN\Downloads\1_neuron_gowin_2\src\mul16s_HF7.v.v":99)
WARN  (NL0002) : The module "PDKGENFAX1" instantiated to "U5550" is swept in optimizing("C:\Users\ADMIN\Downloads\1_neuron_gowin_2\src\mul16s_HF7.v.v":100)
WARN  (NL0002) : The module "PDKGENFAX1" instantiated to "U5551" is swept in optimizing("C:\Users\ADMIN\Downloads\1_neuron_gowin_2\src\mul16s_HF7.v.v":101)
WARN  (NL0002) : The module "PDKGENHAX1" instantiated to "U5552" is swept in optimizing("C:\Users\ADMIN\Downloads\1_neuron_gowin_2\src\mul16s_HF7.v.v":102)
WARN  (NL0002) : The module "PDKGENFAX1" instantiated to "U5554" is swept in optimizing("C:\Users\ADMIN\Downloads\1_neuron_gowin_2\src\mul16s_HF7.v.v":104)
WARN  (NL0002) : The module "PDKGENFAX1" instantiated to "U5555" is swept in optimizing("C:\Users\ADMIN\Downloads\1_neuron_gowin_2\src\mul16s_HF7.v.v":105)
WARN  (NL0002) : The module "PDKGENFAX1" instantiated to "U5556" is swept in optimizing("C:\Users\ADMIN\Downloads\1_neuron_gowin_2\src\mul16s_HF7.v.v":106)
WARN  (NL0002) : The module "PDKGENFAX1" instantiated to "U5557" is swept in optimizing("C:\Users\ADMIN\Downloads\1_neuron_gowin_2\src\mul16s_HF7.v.v":107)
WARN  (NL0002) : The module "PDKGENFAX1" instantiated to "U5558" is swept in optimizing("C:\Users\ADMIN\Downloads\1_neuron_gowin_2\src\mul16s_HF7.v.v":108)
WARN  (NL0002) : The module "PDKGENFAX1" instantiated to "U5559" is swept in optimizing("C:\Users\ADMIN\Downloads\1_neuron_gowin_2\src\mul16s_HF7.v.v":109)
WARN  (NL0002) : The module "PDKGENFAX1" instantiated to "U5560" is swept in optimizing("C:\Users\ADMIN\Downloads\1_neuron_gowin_2\src\mul16s_HF7.v.v":110)
WARN  (NL0002) : The module "PDKGENFAX1" instantiated to "U5561" is swept in optimizing("C:\Users\ADMIN\Downloads\1_neuron_gowin_2\src\mul16s_HF7.v.v":111)
WARN  (NL0002) : The module "PDKGENFAX1" instantiated to "U5562" is swept in optimizing("C:\Users\ADMIN\Downloads\1_neuron_gowin_2\src\mul16s_HF7.v.v":112)
WARN  (NL0002) : The module "PDKGENFAX1" instantiated to "U5563" is swept in optimizing("C:\Users\ADMIN\Downloads\1_neuron_gowin_2\src\mul16s_HF7.v.v":113)
WARN  (NL0002) : The module "PDKGENFAX1" instantiated to "U5564" is swept in optimizing("C:\Users\ADMIN\Downloads\1_neuron_gowin_2\src\mul16s_HF7.v.v":114)
WARN  (NL0002) : The module "PDKGENFAX1" instantiated to "U5565" is swept in optimizing("C:\Users\ADMIN\Downloads\1_neuron_gowin_2\src\mul16s_HF7.v.v":115)
WARN  (NL0002) : The module "PDKGENFAX1" instantiated to "U5566" is swept in optimizing("C:\Users\ADMIN\Downloads\1_neuron_gowin_2\src\mul16s_HF7.v.v":116)
WARN  (NL0002) : The module "PDKGENFAX1" instantiated to "U5567" is swept in optimizing("C:\Users\ADMIN\Downloads\1_neuron_gowin_2\src\mul16s_HF7.v.v":117)
WARN  (NL0002) : The module "PDKGENHAX1" instantiated to "U5568" is swept in optimizing("C:\Users\ADMIN\Downloads\1_neuron_gowin_2\src\mul16s_HF7.v.v":118)
WARN  (NL0002) : The module "PDKGENFAX1" instantiated to "U5570" is swept in optimizing("C:\Users\ADMIN\Downloads\1_neuron_gowin_2\src\mul16s_HF7.v.v":120)
WARN  (NL0002) : The module "PDKGENFAX1" instantiated to "U5571" is swept in optimizing("C:\Users\ADMIN\Downloads\1_neuron_gowin_2\src\mul16s_HF7.v.v":121)
WARN  (NL0002) : The module "PDKGENFAX1" instantiated to "U5572" is swept in optimizing("C:\Users\ADMIN\Downloads\1_neuron_gowin_2\src\mul16s_HF7.v.v":122)
WARN  (NL0002) : The module "PDKGENFAX1" instantiated to "U5573" is swept in optimizing("C:\Users\ADMIN\Downloads\1_neuron_gowin_2\src\mul16s_HF7.v.v":123)
WARN  (NL0002) : The module "PDKGENFAX1" instantiated to "U5574" is swept in optimizing("C:\Users\ADMIN\Downloads\1_neuron_gowin_2\src\mul16s_HF7.v.v":124)
WARN  (NL0002) : The module "PDKGENFAX1" instantiated to "U5575" is swept in optimizing("C:\Users\ADMIN\Downloads\1_neuron_gowin_2\src\mul16s_HF7.v.v":125)
WARN  (NL0002) : The module "PDKGENFAX1" instantiated to "U5576" is swept in optimizing("C:\Users\ADMIN\Downloads\1_neuron_gowin_2\src\mul16s_HF7.v.v":126)
WARN  (NL0002) : The module "PDKGENFAX1" instantiated to "U5577" is swept in optimizing("C:\Users\ADMIN\Downloads\1_neuron_gowin_2\src\mul16s_HF7.v.v":127)
WARN  (NL0002) : The module "PDKGENFAX1" instantiated to "U5578" is swept in optimizing("C:\Users\ADMIN\Downloads\1_neuron_gowin_2\src\mul16s_HF7.v.v":128)
WARN  (NL0002) : The module "PDKGENFAX1" instantiated to "U5579" is swept in optimizing("C:\Users\ADMIN\Downloads\1_neuron_gowin_2\src\mul16s_HF7.v.v":129)
WARN  (NL0002) : The module "PDKGENFAX1" instantiated to "U5580" is swept in optimizing("C:\Users\ADMIN\Downloads\1_neuron_gowin_2\src\mul16s_HF7.v.v":130)
WARN  (NL0002) : The module "PDKGENFAX1" instantiated to "U5581" is swept in optimizing("C:\Users\ADMIN\Downloads\1_neuron_gowin_2\src\mul16s_HF7.v.v":131)
WARN  (NL0002) : The module "PDKGENFAX1" instantiated to "U5582" is swept in optimizing("C:\Users\ADMIN\Downloads\1_neuron_gowin_2\src\mul16s_HF7.v.v":132)
WARN  (NL0002) : The module "PDKGENFAX1" instantiated to "U5583" is swept in optimizing("C:\Users\ADMIN\Downloads\1_neuron_gowin_2\src\mul16s_HF7.v.v":133)
WARN  (NL0002) : The module "PDKGENHAX1" instantiated to "U5584" is swept in optimizing("C:\Users\ADMIN\Downloads\1_neuron_gowin_2\src\mul16s_HF7.v.v":134)
WARN  (NL0002) : The module "PDKGENFAX1" instantiated to "U5586" is swept in optimizing("C:\Users\ADMIN\Downloads\1_neuron_gowin_2\src\mul16s_HF7.v.v":136)
WARN  (NL0002) : The module "PDKGENFAX1" instantiated to "U5587" is swept in optimizing("C:\Users\ADMIN\Downloads\1_neuron_gowin_2\src\mul16s_HF7.v.v":137)
WARN  (NL0002) : The module "PDKGENFAX1" instantiated to "U5588" is swept in optimizing("C:\Users\ADMIN\Downloads\1_neuron_gowin_2\src\mul16s_HF7.v.v":138)
WARN  (NL0002) : The module "PDKGENFAX1" instantiated to "U5589" is swept in optimizing("C:\Users\ADMIN\Downloads\1_neuron_gowin_2\src\mul16s_HF7.v.v":139)
WARN  (NL0002) : The module "PDKGENFAX1" instantiated to "U5590" is swept in optimizing("C:\Users\ADMIN\Downloads\1_neuron_gowin_2\src\mul16s_HF7.v.v":140)
WARN  (NL0002) : The module "PDKGENFAX1" instantiated to "U5591" is swept in optimizing("C:\Users\ADMIN\Downloads\1_neuron_gowin_2\src\mul16s_HF7.v.v":141)
WARN  (NL0002) : The module "PDKGENFAX1" instantiated to "U5592" is swept in optimizing("C:\Users\ADMIN\Downloads\1_neuron_gowin_2\src\mul16s_HF7.v.v":142)
WARN  (NL0002) : The module "PDKGENFAX1" instantiated to "U5593" is swept in optimizing("C:\Users\ADMIN\Downloads\1_neuron_gowin_2\src\mul16s_HF7.v.v":143)
WARN  (NL0002) : The module "PDKGENFAX1" instantiated to "U5594" is swept in optimizing("C:\Users\ADMIN\Downloads\1_neuron_gowin_2\src\mul16s_HF7.v.v":144)
WARN  (NL0002) : The module "PDKGENFAX1" instantiated to "U5595" is swept in optimizing("C:\Users\ADMIN\Downloads\1_neuron_gowin_2\src\mul16s_HF7.v.v":145)
WARN  (NL0002) : The module "PDKGENFAX1" instantiated to "U5596" is swept in optimizing("C:\Users\ADMIN\Downloads\1_neuron_gowin_2\src\mul16s_HF7.v.v":146)
WARN  (NL0002) : The module "PDKGENFAX1" instantiated to "U5597" is swept in optimizing("C:\Users\ADMIN\Downloads\1_neuron_gowin_2\src\mul16s_HF7.v.v":147)
WARN  (NL0002) : The module "PDKGENFAX1" instantiated to "U5598" is swept in optimizing("C:\Users\ADMIN\Downloads\1_neuron_gowin_2\src\mul16s_HF7.v.v":148)
WARN  (NL0002) : The module "PDKGENFAX1" instantiated to "U5599" is swept in optimizing("C:\Users\ADMIN\Downloads\1_neuron_gowin_2\src\mul16s_HF7.v.v":149)
WARN  (NL0002) : The module "PDKGENHAX1" instantiated to "U5600" is swept in optimizing("C:\Users\ADMIN\Downloads\1_neuron_gowin_2\src\mul16s_HF7.v.v":150)
WARN  (NL0002) : The module "PDKGENFAX1" instantiated to "U5603" is swept in optimizing("C:\Users\ADMIN\Downloads\1_neuron_gowin_2\src\mul16s_HF7.v.v":153)
WARN  (NL0002) : The module "PDKGENFAX1" instantiated to "U5604" is swept in optimizing("C:\Users\ADMIN\Downloads\1_neuron_gowin_2\src\mul16s_HF7.v.v":154)
WARN  (NL0002) : The module "PDKGENFAX1" instantiated to "U5605" is swept in optimizing("C:\Users\ADMIN\Downloads\1_neuron_gowin_2\src\mul16s_HF7.v.v":155)
WARN  (NL0002) : The module "PDKGENFAX1" instantiated to "U5606" is swept in optimizing("C:\Users\ADMIN\Downloads\1_neuron_gowin_2\src\mul16s_HF7.v.v":156)
WARN  (NL0002) : The module "PDKGENFAX1" instantiated to "U5607" is swept in optimizing("C:\Users\ADMIN\Downloads\1_neuron_gowin_2\src\mul16s_HF7.v.v":157)
WARN  (NL0002) : The module "PDKGENFAX1" instantiated to "U5608" is swept in optimizing("C:\Users\ADMIN\Downloads\1_neuron_gowin_2\src\mul16s_HF7.v.v":158)
WARN  (NL0002) : The module "PDKGENFAX1" instantiated to "U5609" is swept in optimizing("C:\Users\ADMIN\Downloads\1_neuron_gowin_2\src\mul16s_HF7.v.v":159)
WARN  (NL0002) : The module "PDKGENFAX1" instantiated to "U5610" is swept in optimizing("C:\Users\ADMIN\Downloads\1_neuron_gowin_2\src\mul16s_HF7.v.v":160)
WARN  (NL0002) : The module "PDKGENFAX1" instantiated to "U5611" is swept in optimizing("C:\Users\ADMIN\Downloads\1_neuron_gowin_2\src\mul16s_HF7.v.v":161)
WARN  (NL0002) : The module "PDKGENFAX1" instantiated to "U5612" is swept in optimizing("C:\Users\ADMIN\Downloads\1_neuron_gowin_2\src\mul16s_HF7.v.v":162)
WARN  (NL0002) : The module "PDKGENFAX1" instantiated to "U5613" is swept in optimizing("C:\Users\ADMIN\Downloads\1_neuron_gowin_2\src\mul16s_HF7.v.v":163)
WARN  (NL0002) : The module "PDKGENFAX1" instantiated to "U5614" is swept in optimizing("C:\Users\ADMIN\Downloads\1_neuron_gowin_2\src\mul16s_HF7.v.v":164)
WARN  (NL0002) : The module "PDKGENFAX1" instantiated to "U5615" is swept in optimizing("C:\Users\ADMIN\Downloads\1_neuron_gowin_2\src\mul16s_HF7.v.v":165)
WARN  (NL0002) : The module "PDKGENHAX1" instantiated to "U5616" is swept in optimizing("C:\Users\ADMIN\Downloads\1_neuron_gowin_2\src\mul16s_HF7.v.v":166)
WARN  (NL0002) : The module "PDKGENFAX1" instantiated to "U5619" is swept in optimizing("C:\Users\ADMIN\Downloads\1_neuron_gowin_2\src\mul16s_HF7.v.v":169)
WARN  (NL0002) : The module "PDKGENFAX1" instantiated to "U5620" is swept in optimizing("C:\Users\ADMIN\Downloads\1_neuron_gowin_2\src\mul16s_HF7.v.v":170)
WARN  (NL0002) : The module "PDKGENFAX1" instantiated to "U5621" is swept in optimizing("C:\Users\ADMIN\Downloads\1_neuron_gowin_2\src\mul16s_HF7.v.v":171)
WARN  (NL0002) : The module "PDKGENFAX1" instantiated to "U5622" is swept in optimizing("C:\Users\ADMIN\Downloads\1_neuron_gowin_2\src\mul16s_HF7.v.v":172)
WARN  (NL0002) : The module "PDKGENFAX1" instantiated to "U5623" is swept in optimizing("C:\Users\ADMIN\Downloads\1_neuron_gowin_2\src\mul16s_HF7.v.v":173)
WARN  (NL0002) : The module "PDKGENFAX1" instantiated to "U5624" is swept in optimizing("C:\Users\ADMIN\Downloads\1_neuron_gowin_2\src\mul16s_HF7.v.v":174)
WARN  (NL0002) : The module "PDKGENFAX1" instantiated to "U5625" is swept in optimizing("C:\Users\ADMIN\Downloads\1_neuron_gowin_2\src\mul16s_HF7.v.v":175)
WARN  (NL0002) : The module "PDKGENFAX1" instantiated to "U5626" is swept in optimizing("C:\Users\ADMIN\Downloads\1_neuron_gowin_2\src\mul16s_HF7.v.v":176)
WARN  (NL0002) : The module "PDKGENFAX1" instantiated to "U5627" is swept in optimizing("C:\Users\ADMIN\Downloads\1_neuron_gowin_2\src\mul16s_HF7.v.v":177)
WARN  (NL0002) : The module "PDKGENFAX1" instantiated to "U5628" is swept in optimizing("C:\Users\ADMIN\Downloads\1_neuron_gowin_2\src\mul16s_HF7.v.v":178)
WARN  (NL0002) : The module "PDKGENFAX1" instantiated to "U5629" is swept in optimizing("C:\Users\ADMIN\Downloads\1_neuron_gowin_2\src\mul16s_HF7.v.v":179)
WARN  (NL0002) : The module "PDKGENFAX1" instantiated to "U5630" is swept in optimizing("C:\Users\ADMIN\Downloads\1_neuron_gowin_2\src\mul16s_HF7.v.v":180)
WARN  (NL0002) : The module "PDKGENFAX1" instantiated to "U5631" is swept in optimizing("C:\Users\ADMIN\Downloads\1_neuron_gowin_2\src\mul16s_HF7.v.v":181)
WARN  (NL0002) : The module "PDKGENHAX1" instantiated to "U5632" is swept in optimizing("C:\Users\ADMIN\Downloads\1_neuron_gowin_2\src\mul16s_HF7.v.v":182)
WARN  (NL0002) : The module "PDKGENFAX1" instantiated to "U5635" is swept in optimizing("C:\Users\ADMIN\Downloads\1_neuron_gowin_2\src\mul16s_HF7.v.v":185)
WARN  (NL0002) : The module "PDKGENFAX1" instantiated to "U5636" is swept in optimizing("C:\Users\ADMIN\Downloads\1_neuron_gowin_2\src\mul16s_HF7.v.v":186)
WARN  (NL0002) : The module "PDKGENFAX1" instantiated to "U5637" is swept in optimizing("C:\Users\ADMIN\Downloads\1_neuron_gowin_2\src\mul16s_HF7.v.v":187)
WARN  (NL0002) : The module "PDKGENFAX1" instantiated to "U5638" is swept in optimizing("C:\Users\ADMIN\Downloads\1_neuron_gowin_2\src\mul16s_HF7.v.v":188)
WARN  (NL0002) : The module "PDKGENFAX1" instantiated to "U5639" is swept in optimizing("C:\Users\ADMIN\Downloads\1_neuron_gowin_2\src\mul16s_HF7.v.v":189)
WARN  (NL0002) : The module "PDKGENFAX1" instantiated to "U5640" is swept in optimizing("C:\Users\ADMIN\Downloads\1_neuron_gowin_2\src\mul16s_HF7.v.v":190)
WARN  (NL0002) : The module "PDKGENFAX1" instantiated to "U5641" is swept in optimizing("C:\Users\ADMIN\Downloads\1_neuron_gowin_2\src\mul16s_HF7.v.v":191)
WARN  (NL0002) : The module "PDKGENFAX1" instantiated to "U5642" is swept in optimizing("C:\Users\ADMIN\Downloads\1_neuron_gowin_2\src\mul16s_HF7.v.v":192)
WARN  (NL0002) : The module "PDKGENFAX1" instantiated to "U5643" is swept in optimizing("C:\Users\ADMIN\Downloads\1_neuron_gowin_2\src\mul16s_HF7.v.v":193)
WARN  (NL0002) : The module "PDKGENFAX1" instantiated to "U5644" is swept in optimizing("C:\Users\ADMIN\Downloads\1_neuron_gowin_2\src\mul16s_HF7.v.v":194)
WARN  (NL0002) : The module "PDKGENFAX1" instantiated to "U5645" is swept in optimizing("C:\Users\ADMIN\Downloads\1_neuron_gowin_2\src\mul16s_HF7.v.v":195)
WARN  (NL0002) : The module "PDKGENFAX1" instantiated to "U5646" is swept in optimizing("C:\Users\ADMIN\Downloads\1_neuron_gowin_2\src\mul16s_HF7.v.v":196)
WARN  (NL0002) : The module "PDKGENFAX1" instantiated to "U5647" is swept in optimizing("C:\Users\ADMIN\Downloads\1_neuron_gowin_2\src\mul16s_HF7.v.v":197)
WARN  (NL0002) : The module "PDKGENHAX1" instantiated to "U5648" is swept in optimizing("C:\Users\ADMIN\Downloads\1_neuron_gowin_2\src\mul16s_HF7.v.v":198)
WARN  (NL0002) : The module "PDKGENFAX1" instantiated to "U5651" is swept in optimizing("C:\Users\ADMIN\Downloads\1_neuron_gowin_2\src\mul16s_HF7.v.v":201)
WARN  (NL0002) : The module "PDKGENFAX1" instantiated to "U5652" is swept in optimizing("C:\Users\ADMIN\Downloads\1_neuron_gowin_2\src\mul16s_HF7.v.v":202)
WARN  (NL0002) : The module "PDKGENFAX1" instantiated to "U5653" is swept in optimizing("C:\Users\ADMIN\Downloads\1_neuron_gowin_2\src\mul16s_HF7.v.v":203)
WARN  (NL0002) : The module "PDKGENFAX1" instantiated to "U5654" is swept in optimizing("C:\Users\ADMIN\Downloads\1_neuron_gowin_2\src\mul16s_HF7.v.v":204)
WARN  (NL0002) : The module "PDKGENFAX1" instantiated to "U5655" is swept in optimizing("C:\Users\ADMIN\Downloads\1_neuron_gowin_2\src\mul16s_HF7.v.v":205)
WARN  (NL0002) : The module "PDKGENFAX1" instantiated to "U5656" is swept in optimizing("C:\Users\ADMIN\Downloads\1_neuron_gowin_2\src\mul16s_HF7.v.v":206)
WARN  (NL0002) : The module "PDKGENFAX1" instantiated to "U5657" is swept in optimizing("C:\Users\ADMIN\Downloads\1_neuron_gowin_2\src\mul16s_HF7.v.v":207)
WARN  (NL0002) : The module "PDKGENFAX1" instantiated to "U5658" is swept in optimizing("C:\Users\ADMIN\Downloads\1_neuron_gowin_2\src\mul16s_HF7.v.v":208)
WARN  (NL0002) : The module "PDKGENFAX1" instantiated to "U5659" is swept in optimizing("C:\Users\ADMIN\Downloads\1_neuron_gowin_2\src\mul16s_HF7.v.v":209)
WARN  (NL0002) : The module "PDKGENFAX1" instantiated to "U5660" is swept in optimizing("C:\Users\ADMIN\Downloads\1_neuron_gowin_2\src\mul16s_HF7.v.v":210)
WARN  (NL0002) : The module "PDKGENFAX1" instantiated to "U5661" is swept in optimizing("C:\Users\ADMIN\Downloads\1_neuron_gowin_2\src\mul16s_HF7.v.v":211)
WARN  (NL0002) : The module "PDKGENFAX1" instantiated to "U5662" is swept in optimizing("C:\Users\ADMIN\Downloads\1_neuron_gowin_2\src\mul16s_HF7.v.v":212)
WARN  (NL0002) : The module "PDKGENFAX1" instantiated to "U5663" is swept in optimizing("C:\Users\ADMIN\Downloads\1_neuron_gowin_2\src\mul16s_HF7.v.v":213)
WARN  (NL0002) : The module "PDKGENHAX1" instantiated to "U5664" is swept in optimizing("C:\Users\ADMIN\Downloads\1_neuron_gowin_2\src\mul16s_HF7.v.v":214)
WARN  (NL0002) : The module "PDKGENFAX1" instantiated to "U5667" is swept in optimizing("C:\Users\ADMIN\Downloads\1_neuron_gowin_2\src\mul16s_HF7.v.v":217)
WARN  (NL0002) : The module "PDKGENFAX1" instantiated to "U5668" is swept in optimizing("C:\Users\ADMIN\Downloads\1_neuron_gowin_2\src\mul16s_HF7.v.v":218)
WARN  (NL0002) : The module "PDKGENFAX1" instantiated to "U5669" is swept in optimizing("C:\Users\ADMIN\Downloads\1_neuron_gowin_2\src\mul16s_HF7.v.v":219)
WARN  (NL0002) : The module "PDKGENFAX1" instantiated to "U5670" is swept in optimizing("C:\Users\ADMIN\Downloads\1_neuron_gowin_2\src\mul16s_HF7.v.v":220)
WARN  (NL0002) : The module "PDKGENFAX1" instantiated to "U5671" is swept in optimizing("C:\Users\ADMIN\Downloads\1_neuron_gowin_2\src\mul16s_HF7.v.v":221)
WARN  (NL0002) : The module "PDKGENFAX1" instantiated to "U5672" is swept in optimizing("C:\Users\ADMIN\Downloads\1_neuron_gowin_2\src\mul16s_HF7.v.v":222)
WARN  (NL0002) : The module "PDKGENFAX1" instantiated to "U5673" is swept in optimizing("C:\Users\ADMIN\Downloads\1_neuron_gowin_2\src\mul16s_HF7.v.v":223)
WARN  (NL0002) : The module "PDKGENFAX1" instantiated to "U5674" is swept in optimizing("C:\Users\ADMIN\Downloads\1_neuron_gowin_2\src\mul16s_HF7.v.v":224)
WARN  (NL0002) : The module "PDKGENFAX1" instantiated to "U5675" is swept in optimizing("C:\Users\ADMIN\Downloads\1_neuron_gowin_2\src\mul16s_HF7.v.v":225)
WARN  (NL0002) : The module "PDKGENFAX1" instantiated to "U5676" is swept in optimizing("C:\Users\ADMIN\Downloads\1_neuron_gowin_2\src\mul16s_HF7.v.v":226)
WARN  (NL0002) : The module "PDKGENFAX1" instantiated to "U5677" is swept in optimizing("C:\Users\ADMIN\Downloads\1_neuron_gowin_2\src\mul16s_HF7.v.v":227)
WARN  (NL0002) : The module "PDKGENFAX1" instantiated to "U5678" is swept in optimizing("C:\Users\ADMIN\Downloads\1_neuron_gowin_2\src\mul16s_HF7.v.v":228)
WARN  (NL0002) : The module "PDKGENFAX1" instantiated to "U5679" is swept in optimizing("C:\Users\ADMIN\Downloads\1_neuron_gowin_2\src\mul16s_HF7.v.v":229)
WARN  (NL0002) : The module "PDKGENHAX1" instantiated to "U5680" is swept in optimizing("C:\Users\ADMIN\Downloads\1_neuron_gowin_2\src\mul16s_HF7.v.v":230)
WARN  (NL0002) : The module "PDKGENFAX1" instantiated to "U5683" is swept in optimizing("C:\Users\ADMIN\Downloads\1_neuron_gowin_2\src\mul16s_HF7.v.v":233)
WARN  (NL0002) : The module "PDKGENFAX1" instantiated to "U5684" is swept in optimizing("C:\Users\ADMIN\Downloads\1_neuron_gowin_2\src\mul16s_HF7.v.v":234)
WARN  (NL0002) : The module "PDKGENFAX1" instantiated to "U5685" is swept in optimizing("C:\Users\ADMIN\Downloads\1_neuron_gowin_2\src\mul16s_HF7.v.v":235)
WARN  (NL0002) : The module "PDKGENFAX1" instantiated to "U5686" is swept in optimizing("C:\Users\ADMIN\Downloads\1_neuron_gowin_2\src\mul16s_HF7.v.v":236)
WARN  (NL0002) : The module "PDKGENFAX1" instantiated to "U5687" is swept in optimizing("C:\Users\ADMIN\Downloads\1_neuron_gowin_2\src\mul16s_HF7.v.v":237)
WARN  (NL0002) : The module "PDKGENFAX1" instantiated to "U5688" is swept in optimizing("C:\Users\ADMIN\Downloads\1_neuron_gowin_2\src\mul16s_HF7.v.v":238)
WARN  (NL0002) : The module "PDKGENFAX1" instantiated to "U5689" is swept in optimizing("C:\Users\ADMIN\Downloads\1_neuron_gowin_2\src\mul16s_HF7.v.v":239)
WARN  (NL0002) : The module "PDKGENFAX1" instantiated to "U5690" is swept in optimizing("C:\Users\ADMIN\Downloads\1_neuron_gowin_2\src\mul16s_HF7.v.v":240)
WARN  (NL0002) : The module "PDKGENFAX1" instantiated to "U5691" is swept in optimizing("C:\Users\ADMIN\Downloads\1_neuron_gowin_2\src\mul16s_HF7.v.v":241)
WARN  (NL0002) : The module "PDKGENFAX1" instantiated to "U5692" is swept in optimizing("C:\Users\ADMIN\Downloads\1_neuron_gowin_2\src\mul16s_HF7.v.v":242)
WARN  (NL0002) : The module "PDKGENFAX1" instantiated to "U5693" is swept in optimizing("C:\Users\ADMIN\Downloads\1_neuron_gowin_2\src\mul16s_HF7.v.v":243)
WARN  (NL0002) : The module "PDKGENFAX1" instantiated to "U5694" is swept in optimizing("C:\Users\ADMIN\Downloads\1_neuron_gowin_2\src\mul16s_HF7.v.v":244)
WARN  (NL0002) : The module "PDKGENFAX1" instantiated to "U5695" is swept in optimizing("C:\Users\ADMIN\Downloads\1_neuron_gowin_2\src\mul16s_HF7.v.v":245)
WARN  (NL0002) : The module "PDKGENHAX1" instantiated to "U5696" is swept in optimizing("C:\Users\ADMIN\Downloads\1_neuron_gowin_2\src\mul16s_HF7.v.v":246)
WARN  (NL0002) : The module "PDKGENFAX1" instantiated to "U5709" is swept in optimizing("C:\Users\ADMIN\Downloads\1_neuron_gowin_2\src\mul16s_HF7.v.v":259)
WARN  (NL0002) : The module "PDKGENFAX1" instantiated to "U5710" is swept in optimizing("C:\Users\ADMIN\Downloads\1_neuron_gowin_2\src\mul16s_HF7.v.v":260)
WARN  (NL0002) : The module "PDKGENFAX1" instantiated to "U5711" is swept in optimizing("C:\Users\ADMIN\Downloads\1_neuron_gowin_2\src\mul16s_HF7.v.v":261)
WARN  (NL0002) : The module "PDKGENFAX1" instantiated to "U5712" is swept in optimizing("C:\Users\ADMIN\Downloads\1_neuron_gowin_2\src\mul16s_HF7.v.v":262)
[95%] Generate netlist file "C:\Users\ADMIN\Downloads\1_neuron_gowin_2\impl\gwsynthesis\1_neuron_gowin.vg" completed
[100%] Generate report file "C:\Users\ADMIN\Downloads\1_neuron_gowin_2\impl\gwsynthesis\1_neuron_gowin_syn.rpt.html" completed
GowinSynthesis finish
